#
# A fatal error has been detected by the Java Runtime Environment:
#
#  EXCEPTION_ACCESS_VIOLATION (0xc0000005) at pc=0x00007ffc9b057db7, pid=29688, tid=16108
#
# JRE version: OpenJDK Runtime Environment (22.0.2+9) (build 22.0.2+9-70)
# Java VM: OpenJDK 64-Bit Server VM (22.0.2+9-70, mixed mode, sharing, tiered, compressed oops, compressed class ptrs, g1 gc, windows-amd64)
# Problematic frame:
# C  [glass.dll+0x27db7]
#
# No core dump will be written. Minidumps are not enabled by default on client versions of Windows
#
# If you would like to submit a bug report, please visit:
#   https://bugreport.java.com/bugreport/crash.jsp
#

---------------  S U M M A R Y ------------

Command Line: -agentlib:jdwp=transport=dt_socket,address=127.0.0.1:54538,suspend=y,server=n -javaagent:C:\Users\Usuario\AppData\Local\JetBrains\IdeaIC2024.1\captureAgent\debugger-agent.jar -Dfile.encoding=UTF-8 -Dsun.stdout.encoding=UTF-8 -Dsun.stderr.encoding=UTF-8 --module-path=C:\Users\Usuario\.m2\repository\org\openjfx\javafx-base\22\javafx-base-22-win.jar;C:\Users\Usuario\.m2\repository\org\json\json\20240303\json-20240303.jar;D:\Documentos\kaos\target\classes;C:\Users\Usuario\.m2\repository\org\openjfx\javafx-controls\22\javafx-controls-22-win.jar;C:\Users\Usuario\.m2\repository\org\openjfx\javafx-fxml\22\javafx-fxml-22-win.jar;C:\Users\Usuario\.m2\repository\org\openjfx\javafx-graphics\22\javafx-graphics-22-win.jar -Djdk.module.main=org.example.kaos org.example.kaos/org.example.kaos.application.MainApplication

Host: Intel(R) Core(TM) i7-8750H CPU @ 2.20GHz, 12 cores, 15G,  Windows 11 , 64 bit Build 22621 (10.0.22621.3958)
Time: Sun Sep  1 21:26:46 2024 Romance Daylight Time elapsed time: 847.828590 seconds (0d 0h 14m 7s)

---------------  T H R E A D  ---------------

Current thread (0x0000014b4dc29430):  VMThread "VM Thread"          [id=16108, stack(0x00000019c0600000,0x00000019c0700000) (1024K)]

Stack: [0x00000019c0600000,0x00000019c0700000],  sp=0x00000019c06ff1b0,  free space=1020k
Native frames: (J=compiled Java code, j=interpreted, Vv=VM code, C=native code)
C  [glass.dll+0x27db7]  (no source info available)
C  [ucrtbase.dll+0x53a93]  (no source info available)
C  [ucrtbase.dll+0x2042e]  (no source info available)
C  [ucrtbase.dll+0x1dddd]  (no source info available)
C  [glass.dll+0x2554d]  (no source info available)
C  [glass.dll+0x25672]  (no source info available)
C  [ntdll.dll+0x28b7f]  (no source info available)
C  [ntdll.dll+0x51586]  (no source info available)
C  [ntdll.dll+0x5117d]  (no source info available)
C  [KERNEL32.DLL+0x17fab]  (no source info available)
C  [ucrtbase.dll+0x1bed8]  (no source info available)
C  [ucrtbase.dll+0x1c099]  (no source info available)
V  [jvm.dll+0x6db87b]  (no source info available)
V  [jvm.dll+0x6db3b0]  (no source info available)
V  [jvm.dll+0x3e2314]  (no source info available)
V  [jvm.dll+0x87e0f0]  (no source info available)
V  [jvm.dll+0x87f477]  (no source info available)
V  [jvm.dll+0x87f9f0]  (no source info available)
V  [jvm.dll+0x87fc93]  (no source info available)
V  [jvm.dll+0x81dc0b]  (no source info available)
V  [jvm.dll+0x6e0d85]  (no source info available)
C  [ucrtbase.dll+0x29333]  (no source info available)
C  [KERNEL32.DLL+0x1257d]  (no source info available)
C  [ntdll.dll+0x5af28]  (no source info available)


siginfo: EXCEPTION_ACCESS_VIOLATION (0xc0000005), reading address 0x0000000000000000


Registers:
RAX=0x0000000000000000, RBX=0x0000014b941b8ae2, RCX=0x0000014b4dc29430, RDX=0x00000019c06ff1b0
RSP=0x00000019c06ff1b0, RBP=0x0000014b943dbe88, RSI=0x00000019c06ff2b8, RDI=0x0000014b943dbe60
R8 =0x0000000000010002, R9 =0x0000014b943dbe60, R10=0x85f13e9656da4870, R11=0x00000019c06ff140
R12=0x00007ffc9b0556c0, R13=0x00007ffc710d4a60, R14=0x00002b1f958c78d2, R15=0x0000014b943dbe60
RIP=0x00007ffc9b057db7, EFLAGS=0x0000000000010202


Register to memory mapping:

RAX=0x0 is null
RBX=0x0000014b941b8ae2 is a global jni handle
RCX=0x0000014b4dc29430 points into unknown readable memory: 0x00007ffc70ed5060 | 60 50 ed 70 fc 7f 00 00
RDX=0x00000019c06ff1b0 points into unknown readable memory: 0x0000000000000000 | 00 00 00 00 00 00 00 00
RSP=0x00000019c06ff1b0 points into unknown readable memory: 0x0000000000000000 | 00 00 00 00 00 00 00 00
RBP=0x0000014b943dbe88 points into unknown readable memory: 0x00002b1f958c78d2 | d2 78 8c 95 1f 2b 00 00
RSI=0x00000019c06ff2b8 points into unknown readable memory: 0x00000019c06ff2a0 | a0 f2 6f c0 19 00 00 00
RDI=0x0000014b943dbe60 points into unknown readable memory: 0xfff2470ad2ec78d3 | d3 78 ec d2 0a 47 f2 ff
R8 =0x0000000000010002 is an unknown value
R9 =0x0000014b943dbe60 points into unknown readable memory: 0xfff2470ad2ec78d3 | d3 78 ec d2 0a 47 f2 ff
R10=0x85f13e9656da4870 is an unknown value
R11=0x00000019c06ff140 points into unknown readable memory: 0x0000014b943dbe60 | 60 be 3d 94 4b 01 00 00
R12=0x00007ffc9b0556c0 glass.dll
R13=0x00007ffc710d4a60 jvm.dll
R14=0x00002b1f958c78d2 is an unknown value
R15=0x0000014b943dbe60 points into unknown readable memory: 0xfff2470ad2ec78d3 | d3 78 ec d2 0a 47 f2 ff

Top of Stack: (sp=0x00000019c06ff1b0)
0x00000019c06ff1b0:   0000000000000000 00000019c06ff2b8
0x00000019c06ff1c0:   00007ffc710d4a60 00007ffc9b0556c0
0x00000019c06ff1d0:   0000014b943dbe68 00007ffcf1673a93
0x00000019c06ff1e0:   0000014b943dbe60 0000014b00000000
0x00000019c06ff1f0:   0000014b943dbe88 00000019c06ff2b8
0x00000019c06ff200:   fffffffffffffffe 0000000000000000
0x00000019c06ff210:   0000000000000001 00007ffc9b030000
0x00000019c06ff220:   00000019c06ff2a8 00007ffcf164042e
0x00000019c06ff230:   0000000000000000 00000019c06ff2b8
0x00000019c06ff240:   00000019c06ff5a0 0000000000000001
0x00000019c06ff250:   0000000000000001 00007ffcf163dddd
0x00000019c06ff260:   0000000000000000 00007ffc9b054eb9
0x00000019c06ff270:   0000000000000000 00000019c06ff2a8
0x00000019c06ff280:   fffffffffffffffe 0000000000000001
0x00000019c06ff290:   0000000000000000 00007ffc9b05554d
0x00000019c06ff2a0:   00007ffc9b06d078 00007ffc00000002
0x00000019c06ff2b0:   0000000000000002 00000019c06ff2a0
0x00000019c06ff2c0:   0000000000000000 00007ffcf3e18ae3
0x00000019c06ff2d0:   0000000000000000 00007ffc9b055672
0x00000019c06ff2e0:   0000000000000001 0000000000000000
0x00000019c06ff2f0:   0000000000000001 0000000000000001
0x00000019c06ff300:   0000000000000001 00007ffcf3a22061
0x00000019c06ff310:   00007ffc00000001 0000000000000001
0x00000019c06ff320:   00007ffc9b030000 000000007ffe0384
0x00000019c06ff330:   0000000000000000 00007ffcf3e18b7f
0x00000019c06ff340:   00007ffc9b030000 0000000000000000
0x00000019c06ff350:   0000000000000001 000000007ffe0385
0x00000019c06ff360:   00007ffcf3f27940 00007ffc6c533804
0x00000019c06ff370:   0000abee11e5d800 00007ffc6c030000
0x00000019c06ff380:   00007ffc9b0556c0 0000000000000000
0x00000019c06ff390:   0000000000000000 00000019bfa19000
0x00000019c06ff3a0:   0000014b946aa2f0 00007ffcf3e41586 

Instructions: (pc=0x00007ffc9b057db7)
0x00007ffc9b057cb7:   8b 4d 58 e8 49 cf ff ff 48 8b 4d 60 e8 40 cf ff
0x00007ffc9b057cc7:   ff 48 8b 95 80 00 00 00 48 8b 8d 18 01 00 00 e8
0x00007ffc9b057cd7:   26 c5 ff ff 33 d2 33 c9 e8 8c e1 ff ff 90 48 89
0x00007ffc9b057ce7:   54 24 10 55 48 83 ec 20 48 8b ea 48 b8 00 00 00
0x00007ffc9b057cf7:   00 00 00 00 00 48 83 c4 20 5d c3 cc 40 55 48 8b
0x00007ffc9b057d07:   ea 48 8b 01 33 c9 81 38 05 00 00 c0 0f 94 c1 8b
0x00007ffc9b057d17:   c1 5d c3 cc 40 55 48 83 ec 20 48 8b ea 8a 4d 40
0x00007ffc9b057d27:   48 83 c4 20 5d e9 33 d3 ff ff cc 40 55 48 83 ec
0x00007ffc9b057d37:   20 48 8b ea 8a 4d 20 e8 21 d3 ff ff 90 48 83 c4
0x00007ffc9b057d47:   20 5d c3 cc 40 55 48 83 ec 20 48 8b ea 48 83 c4
0x00007ffc9b057d57:   20 5d e9 82 d1 ff ff cc 40 55 48 83 ec 30 48 8b
0x00007ffc9b057d67:   ea 48 8b 01 8b 10 48 89 4c 24 28 89 54 24 20 4c
0x00007ffc9b057d77:   8d 0d 23 d6 ff ff 4c 8b 45 70 8b 55 68 48 8b 4d
0x00007ffc9b057d87:   60 e8 c3 d0 ff ff 90 48 83 c4 30 5d c3 cc cc cc
0x00007ffc9b057d97:   cc cc cc cc cc cc cc cc cc 40 53 48 83 ec 20 48
0x00007ffc9b057da7:   8b 1d 8b 4c 01 00 48 85 db 74 16 e8 39 90 ff ff
0x00007ffc9b057db7:   4c 8b 00 48 8b d3 48 8b c8 41 ff 90 b0 00 00 00
0x00007ffc9b057dc7:   90 48 83 c4 20 5b c3 cc cc 40 53 48 83 ec 20 48
0x00007ffc9b057dd7:   8b 1d cb 4d 01 00 48 85 db 74 57 b8 ff ff ff ff
0x00007ffc9b057de7:   f0 0f c1 43 10 83 f8 01 75 3d 48 85 db 74 38 48
0x00007ffc9b057df7:   8b 0b 48 85 c9 74 0d ff 15 ac 14 00 00 48 c7 03
0x00007ffc9b057e07:   00 00 00 00 48 8b 4b 08 48 85 c9 74 0d e8 ef cd
0x00007ffc9b057e17:   ff ff 48 c7 43 08 00 00 00 00 ba 18 00 00 00 48
0x00007ffc9b057e27:   8b cb e8 da cd ff ff 48 c7 05 6f 4d 01 00 00 00
0x00007ffc9b057e37:   00 00 48 83 c4 20 5b c3 cc 40 53 48 83 ec 20 48
0x00007ffc9b057e47:   8b 1d 3b 4d 01 00 48 85 db 74 57 b8 ff ff ff ff
0x00007ffc9b057e57:   f0 0f c1 43 10 83 f8 01 75 3d 48 85 db 74 38 48
0x00007ffc9b057e67:   8b 0b 48 85 c9 74 0d ff 15 3c 14 00 00 48 c7 03
0x00007ffc9b057e77:   00 00 00 00 48 8b 4b 08 48 85 c9 74 0d e8 7f cd
0x00007ffc9b057e87:   ff ff 48 c7 43 08 00 00 00 00 ba 18 00 00 00 48
0x00007ffc9b057e97:   8b cb e8 6a cd ff ff 48 c7 05 df 4c 01 00 00 00
0x00007ffc9b057ea7:   00 00 48 83 c4 20 5b c3 cc 40 53 48 83 ec 20 48 


Stack slot to memory mapping:

stack at sp + 0 slots: 0x0 is null
stack at sp + 1 slots: 0x00000019c06ff2b8 points into unknown readable memory: 0x00000019c06ff2a0 | a0 f2 6f c0 19 00 00 00
stack at sp + 2 slots: 0x00007ffc710d4a60 jvm.dll
stack at sp + 3 slots: 0x00007ffc9b0556c0 glass.dll
stack at sp + 4 slots: 0x0000014b943dbe68 points into unknown readable memory: 0x00002b1f958c78d2 | d2 78 8c 95 1f 2b 00 00
stack at sp + 5 slots: 0x00007ffcf1673a93 ucrtbase.dll
stack at sp + 6 slots: 0x0000014b943dbe60 points into unknown readable memory: 0xfff2470ad2ec78d3 | d3 78 ec d2 0a 47 f2 ff
stack at sp + 7 slots: 0x0000014b00000000 is an unknown value

VM_Operation (0x00000019bfdff3e0): Exit, mode: safepoint, requested by thread 0x0000014b95489c20


---------------  P R O C E S S  ---------------

Threads class SMR info:
_java_thread_list=0x0000014b9557a4a0, length=21, elements={
0x0000014b2cf11e40, 0x0000014b4dc42ff0, 0x0000014b4dc43e10, 0x0000014b4dc46b10,
0x0000014b4dc4a7f0, 0x0000014b4dc4b250, 0x0000014b4dc4df60, 0x0000014b4dc54ad0,
0x0000014b4dc55d20, 0x0000014b4e6d8800, 0x0000014b943b8ae0, 0x0000014b4e8d3e70,
0x0000014b94568c60, 0x0000014b94b494a0, 0x0000014b94b65e20, 0x0000014b9503d950,
0x0000014b9511e7e0, 0x0000014b959c1b70, 0x0000014b95488f00, 0x0000014b95489590,
0x0000014b95489c20
}

Java Threads: ( => current thread )
  0x0000014b2cf11e40 JavaThread "main"                              [_thread_blocked, id=7720, stack(0x00000019bff00000,0x00000019c0000000) (1024K)]
  0x0000014b4dc42ff0 JavaThread "Reference Handler"          daemon [_thread_blocked, id=29192, stack(0x00000019c0700000,0x00000019c0800000) (1024K)]
  0x0000014b4dc43e10 JavaThread "Finalizer"                  daemon [_thread_blocked, id=31688, stack(0x00000019c0800000,0x00000019c0900000) (1024K)]
  0x0000014b4dc46b10 JavaThread "Signal Dispatcher"          daemon [_thread_blocked, id=28424, stack(0x00000019c0900000,0x00000019c0a00000) (1024K)]
  0x0000014b4dc4a7f0 JavaThread "Attach Listener"            daemon [_thread_blocked, id=29716, stack(0x00000019c0a00000,0x00000019c0b00000) (1024K)]
  0x0000014b4dc4b250 JavaThread "Service Thread"             daemon [_thread_blocked, id=29640, stack(0x00000019c0b00000,0x00000019c0c00000) (1024K)]
  0x0000014b4dc4df60 JavaThread "Monitor Deflation Thread"   daemon [_thread_blocked, id=29208, stack(0x00000019c0c00000,0x00000019c0d00000) (1024K)]
  0x0000014b4dc54ad0 JavaThread "C2 CompilerThread0"         daemon [_thread_blocked, id=3544, stack(0x00000019c0d00000,0x00000019c0e00000) (1024K)]
  0x0000014b4dc55d20 JavaThread "C1 CompilerThread0"         daemon [_thread_blocked, id=21012, stack(0x00000019c0e00000,0x00000019c0f00000) (1024K)]
  0x0000014b4e6d8800 JavaThread "Common-Cleaner"             daemon [_thread_blocked, id=23240, stack(0x00000019c0f00000,0x00000019c1000000) (1024K)]
  0x0000014b943b8ae0 JavaThread "JDWP Event Helper Thread"   daemon [_thread_blocked, id=24120, stack(0x00000019c1300000,0x00000019c1400000) (1024K)]
  0x0000014b4e8d3e70 JavaThread "Notification Thread"        daemon [_thread_blocked, id=27784, stack(0x00000019c1500000,0x00000019c1600000) (1024K)]
  0x0000014b94568c60 JavaThread "QuantumRenderer-0"          daemon [_thread_blocked, id=25216, stack(0x00000019c1100000,0x00000019c1200000) (1024K)]
  0x0000014b94b494a0 JavaThread "InvokeLaterDispatcher"      daemon [_thread_blocked, id=12840, stack(0x00000019c1700000,0x00000019c1800000) (1024K)]
  0x0000014b94b65e20 JavaThread "JavaFX Application Thread"         [_thread_blocked, id=22860, stack(0x00000019c1800000,0x00000019c1900000) (1024K)]
  0x0000014b9503d950 JavaThread "Thread-1"                   daemon [_thread_in_native, id=28708, stack(0x00000019c1000000,0x00000019c1100000) (1024K)]
  0x0000014b9511e7e0 JavaThread "JavaFX-Launcher"                   [_thread_blocked, id=20120, stack(0x00000019c2430000,0x00000019c2530000) (1024K)]
  0x0000014b959c1b70 JavaThread "Prism Font Disposer"        daemon [_thread_blocked, id=29968, stack(0x00000019c2a30000,0x00000019c2b30000) (1024K)]
  0x0000014b95488f00 JavaThread "Cleaner-0"                  daemon [_thread_blocked, id=1372, stack(0x00000019c2b30000,0x00000019c2c30000) (1024K)]
  0x0000014b95489590 JavaThread "mysql-cj-abandoned-connection-cleanup" daemon [_thread_blocked, id=30776, stack(0x00000019c2930000,0x00000019c2a30000) (1024K)]
  0x0000014b95489c20 JavaThread "SIGINT handler"             daemon [_thread_blocked, id=24704, stack(0x00000019bfd00000,0x00000019bfe00000) (1024K)]
Total: 21

Other Threads:
=>0x0000014b4dc29430 VMThread "VM Thread"                           [id=16108, stack(0x00000019c0600000,0x00000019c0700000) (1024K)]
  0x0000014b2cfde780 WorkerThread "GC Thread#0"                     [id=6504, stack(0x00000019c0000000,0x00000019c0100000) (1024K)]
  0x0000014b950607a0 WorkerThread "GC Thread#1"                     [id=31100, stack(0x00000019c1b30000,0x00000019c1c30000) (1024K)]
  0x0000014b95062950 WorkerThread "GC Thread#2"                     [id=10528, stack(0x00000019c1c30000,0x00000019c1d30000) (1024K)]
  0x0000014b9505dcc0 WorkerThread "GC Thread#3"                     [id=20960, stack(0x00000019c1d30000,0x00000019c1e30000) (1024K)]
  0x0000014b9505e070 WorkerThread "GC Thread#4"                     [id=31392, stack(0x00000019c1e30000,0x00000019c1f30000) (1024K)]
  0x0000014b95030d00 WorkerThread "GC Thread#5"                     [id=26872, stack(0x00000019c1f30000,0x00000019c2030000) (1024K)]
  0x0000014b95031f70 WorkerThread "GC Thread#6"                     [id=8900, stack(0x00000019c2030000,0x00000019c2130000) (1024K)]
  0x0000014b950305a0 WorkerThread "GC Thread#7"                     [id=21840, stack(0x00000019c2130000,0x00000019c2230000) (1024K)]
  0x0000014b95030950 WorkerThread "GC Thread#8"                     [id=25884, stack(0x00000019c2230000,0x00000019c2330000) (1024K)]
  0x0000014b950310b0 WorkerThread "GC Thread#9"                     [id=27616, stack(0x00000019c2330000,0x00000019c2430000) (1024K)]
  0x0000014b2d138fb0 ConcurrentGCThread "G1 Main Marker"            terminated
  0x0000014b2d139b80 WorkerThread "G1 Conc#0"                       [id=27892, stack(0x00000019c0200000,0x00000019c0300000) (1024K)]
  0x0000014b9d241f70 WorkerThread "G1 Conc#1"                       [id=23528, stack(0x00000019c2d30000,0x00000019c2e30000) (1024K)]
  0x0000014b9d244800 WorkerThread "G1 Conc#2"                       [id=4884, stack(0x00000019c2e30000,0x00000019c2f30000) (1024K)]
  0x0000014b4dadcfe0 ConcurrentGCThread "G1 Refine#0"               terminated
  0x0000014b4dadda70 ConcurrentGCThread "G1 Service"                terminated
Total: 17

Threads with active compile tasks:
Total: 0

VM state: at safepoint (shutting down)

VM Mutex/Monitor currently owned by a thread:  ([mutex/lock_event])
[0x00007ffc710acb80] Threads_lock - owner thread: 0x0000014b4dc29430
[0x00007ffc710acc80] Heap_lock - owner thread: 0x0000014b95489c20

Heap address: 0x0000000702400000, size: 4060 MB, Compressed Oops mode: Zero based, Oop shift amount: 3

CDS archive(s) mapped at: [0x0000014b4f000000-0x0000014b4fc60000-0x0000014b4fc60000), size 12976128, SharedBaseAddress: 0x0000014b4f000000, ArchiveRelocationMode: 1.
Compressed class space mapped at: 0x0000014b50000000-0x0000014b90000000, reserved size: 1073741824
Narrow klass base: 0x0000014b4f000000, Narrow klass shift: 0, Narrow klass range: 0x41000000

GC Precious Log:
 CardTable entry size: 512
 Card Set container configuration: InlinePtr #cards 4 size 8 Array Of Cards #cards 16 size 48 Howl #buckets 8 coarsen threshold 3686 Howl Bitmap #cards 512 size 80 coarsen threshold 460 Card regions per heap region 1 cards per card region 4096
 CPUs: 12 total, 12 available
 Memory: 16234M
 Large Page Support: Disabled
 NUMA Support: Disabled
 Compressed Oops: Enabled (Zero based)
 Heap Region Size: 2M
 Heap Min Capacity: 8M
 Heap Initial Capacity: 254M
 Heap Max Capacity: 4060M
 Pre-touch: Disabled
 Parallel Workers: 10
 Concurrent Workers: 3
 Concurrent Refinement Workers: 10
 Periodic GC: Disabled

Heap:
 garbage-first heap   total reserved 4157440K, committed 260096K, used 161531K [0x0000000702400000, 0x0000000800000000)
  region size 2048K, 34 young (69632K), 6 survivors (12288K)
 Metaspace       used 28641K, committed 29120K, reserved 1114112K
  class space    used 3882K, committed 4096K, reserved 1048576K

Heap Regions: E=young(eden), S=young(survivor), O=old, HS=humongous(starts), HC=humongous(continues), CS=collection set, F=free, TAMS=top-at-mark-start, PB=parsable bottom
|   0|0x0000000702400000, 0x0000000702600000, 0x0000000702600000|100%|HS|  |TAMS 0x0000000702400000| PB 0x0000000702400000| Complete |  0
|   1|0x0000000702600000, 0x0000000702800000, 0x0000000702800000|100%|HC|  |TAMS 0x0000000702600000| PB 0x0000000702600000| Complete |  0
|   2|0x0000000702800000, 0x0000000702a00000, 0x0000000702a00000|100%|HC|  |TAMS 0x0000000702800000| PB 0x0000000702800000| Complete |  0
|   3|0x0000000702a00000, 0x0000000702c00000, 0x0000000702c00000|100%|HC|  |TAMS 0x0000000702a00000| PB 0x0000000702a00000| Complete |  0
|   4|0x0000000702c00000, 0x0000000702e00000, 0x0000000702e00000|100%|HS|  |TAMS 0x0000000702c00000| PB 0x0000000702c00000| Complete |  0
|   5|0x0000000702e00000, 0x0000000703000000, 0x0000000703000000|100%|HC|  |TAMS 0x0000000702e00000| PB 0x0000000702e00000| Complete |  0
|   6|0x0000000703000000, 0x0000000703200000, 0x0000000703200000|100%|HC|  |TAMS 0x0000000703000000| PB 0x0000000703000000| Complete |  0
|   7|0x0000000703200000, 0x0000000703400000, 0x0000000703400000|100%|HS|  |TAMS 0x0000000703200000| PB 0x0000000703200000| Complete |  0
|   8|0x0000000703400000, 0x0000000703600000, 0x0000000703600000|100%|HC|  |TAMS 0x0000000703400000| PB 0x0000000703400000| Complete |  0
|   9|0x0000000703600000, 0x0000000703800000, 0x0000000703800000|100%|HC|  |TAMS 0x0000000703600000| PB 0x0000000703600000| Complete |  0
|  10|0x0000000703800000, 0x0000000703a00000, 0x0000000703a00000|100%|HS|  |TAMS 0x0000000703800000| PB 0x0000000703800000| Complete |  0
|  11|0x0000000703a00000, 0x0000000703c00000, 0x0000000703c00000|100%|HC|  |TAMS 0x0000000703a00000| PB 0x0000000703a00000| Complete |  0
|  12|0x0000000703c00000, 0x0000000703e00000, 0x0000000703e00000|100%|HC|  |TAMS 0x0000000703c00000| PB 0x0000000703c00000| Complete |  0
|  13|0x0000000703e00000, 0x0000000704000000, 0x0000000704000000|100%|HS|  |TAMS 0x0000000703e00000| PB 0x0000000703e00000| Complete |  0
|  14|0x0000000704000000, 0x0000000704200000, 0x0000000704200000|100%|HC|  |TAMS 0x0000000704000000| PB 0x0000000704000000| Complete |  0
|  15|0x0000000704200000, 0x0000000704400000, 0x0000000704400000|100%|HC|  |TAMS 0x0000000704200000| PB 0x0000000704200000| Complete |  0
|  16|0x0000000704400000, 0x0000000704600000, 0x0000000704600000|100%|HS|  |TAMS 0x0000000704400000| PB 0x0000000704400000| Complete |  0
|  17|0x0000000704600000, 0x0000000704800000, 0x0000000704800000|100%|HC|  |TAMS 0x0000000704600000| PB 0x0000000704600000| Complete |  0
|  18|0x0000000704800000, 0x0000000704a00000, 0x0000000704a00000|100%|HC|  |TAMS 0x0000000704800000| PB 0x0000000704800000| Complete |  0
|  19|0x0000000704a00000, 0x0000000704c00000, 0x0000000704c00000|100%|HS|  |TAMS 0x0000000704a00000| PB 0x0000000704a00000| Complete |  0
|  20|0x0000000704c00000, 0x0000000704e00000, 0x0000000704e00000|100%|HC|  |TAMS 0x0000000704c00000| PB 0x0000000704c00000| Complete |  0
|  21|0x0000000704e00000, 0x0000000705000000, 0x0000000705000000|100%|HC|  |TAMS 0x0000000704e00000| PB 0x0000000704e00000| Complete |  0
|  22|0x0000000705000000, 0x0000000705200000, 0x0000000705200000|100%|HS|  |TAMS 0x0000000705000000| PB 0x0000000705000000| Complete |  0
|  23|0x0000000705200000, 0x0000000705400000, 0x0000000705400000|100%|HC|  |TAMS 0x0000000705200000| PB 0x0000000705200000| Complete |  0
|  24|0x0000000705400000, 0x0000000705600000, 0x0000000705600000|100%|HC|  |TAMS 0x0000000705400000| PB 0x0000000705400000| Complete |  0
|  25|0x0000000705600000, 0x0000000705800000, 0x0000000705800000|100%|HS|  |TAMS 0x0000000705600000| PB 0x0000000705600000| Complete |  0
|  26|0x0000000705800000, 0x0000000705a00000, 0x0000000705a00000|100%|HC|  |TAMS 0x0000000705800000| PB 0x0000000705800000| Complete |  0
|  27|0x0000000705a00000, 0x0000000705c00000, 0x0000000705c00000|100%|HC|  |TAMS 0x0000000705a00000| PB 0x0000000705a00000| Complete |  0
|  28|0x0000000705c00000, 0x0000000705e00000, 0x0000000705e00000|100%|HS|  |TAMS 0x0000000705c00000| PB 0x0000000705c00000| Complete |  0
|  29|0x0000000705e00000, 0x0000000706000000, 0x0000000706000000|100%|HC|  |TAMS 0x0000000705e00000| PB 0x0000000705e00000| Complete |  0
|  30|0x0000000706000000, 0x0000000706200000, 0x0000000706200000|100%|HC|  |TAMS 0x0000000706000000| PB 0x0000000706000000| Complete |  0
|  31|0x0000000706200000, 0x0000000706400000, 0x0000000706400000|100%|HS|  |TAMS 0x0000000706200000| PB 0x0000000706200000| Complete |  0
|  32|0x0000000706400000, 0x0000000706600000, 0x0000000706600000|100%|HC|  |TAMS 0x0000000706400000| PB 0x0000000706400000| Complete |  0
|  33|0x0000000706600000, 0x0000000706800000, 0x0000000706800000|100%|HC|  |TAMS 0x0000000706600000| PB 0x0000000706600000| Complete |  0
|  34|0x0000000706800000, 0x0000000706a00000, 0x0000000706a00000|100%|HC|  |TAMS 0x0000000706800000| PB 0x0000000706800000| Complete |  0
|  35|0x0000000706a00000, 0x0000000706c00000, 0x0000000706c00000|100%|HC|  |TAMS 0x0000000706a00000| PB 0x0000000706a00000| Complete |  0
|  36|0x0000000706c00000, 0x0000000706e00000, 0x0000000706e00000|100%|HC|  |TAMS 0x0000000706c00000| PB 0x0000000706c00000| Complete |  0
|  37|0x0000000706e00000, 0x0000000707000000, 0x0000000707000000|100%|HC|  |TAMS 0x0000000706e00000| PB 0x0000000706e00000| Complete |  0
|  38|0x0000000707000000, 0x0000000707200000, 0x0000000707200000|100%|HC|  |TAMS 0x0000000707000000| PB 0x0000000707000000| Complete |  0
|  39|0x0000000707200000, 0x0000000707400000, 0x0000000707400000|100%|HS|  |TAMS 0x0000000707200000| PB 0x0000000707200000| Complete |  0
|  40|0x0000000707400000, 0x0000000707600000, 0x0000000707600000|100%|HC|  |TAMS 0x0000000707400000| PB 0x0000000707400000| Complete |  0
|  41|0x0000000707600000, 0x0000000707800000, 0x0000000707800000|100%|HS|  |TAMS 0x0000000707600000| PB 0x0000000707600000| Complete |  0
|  42|0x0000000707800000, 0x0000000707a00000, 0x0000000707a00000|100%|HS|  |TAMS 0x0000000707800000| PB 0x0000000707800000| Complete |  0
|  43|0x0000000707a00000, 0x0000000707c00000, 0x0000000707c00000|100%|HC|  |TAMS 0x0000000707a00000| PB 0x0000000707a00000| Complete |  0
|  44|0x0000000707c00000, 0x0000000707e00000, 0x0000000707e00000|100%|HS|  |TAMS 0x0000000707c00000| PB 0x0000000707c00000| Complete |  0
|  45|0x0000000707e00000, 0x0000000708000000, 0x0000000708000000|100%|HC|  |TAMS 0x0000000707e00000| PB 0x0000000707e00000| Complete |  0
|  46|0x0000000708000000, 0x0000000708000000, 0x0000000708200000|  0%| F|  |TAMS 0x0000000708000000| PB 0x0000000708000000| Untracked |  0
|  47|0x0000000708200000, 0x0000000708200000, 0x0000000708400000|  0%| F|  |TAMS 0x0000000708200000| PB 0x0000000708200000| Untracked |  0
|  48|0x0000000708400000, 0x0000000708400000, 0x0000000708600000|  0%| F|  |TAMS 0x0000000708400000| PB 0x0000000708400000| Untracked |  0
|  49|0x0000000708600000, 0x0000000708600000, 0x0000000708800000|  0%| F|  |TAMS 0x0000000708600000| PB 0x0000000708600000| Untracked |  0
|  50|0x0000000708800000, 0x0000000708800000, 0x0000000708a00000|  0%| F|  |TAMS 0x0000000708800000| PB 0x0000000708800000| Untracked |  0
|  51|0x0000000708a00000, 0x0000000708a00000, 0x0000000708c00000|  0%| F|  |TAMS 0x0000000708a00000| PB 0x0000000708a00000| Untracked |  0
|  52|0x0000000708c00000, 0x0000000708c00000, 0x0000000708e00000|  0%| F|  |TAMS 0x0000000708c00000| PB 0x0000000708c00000| Untracked |  0
|  53|0x0000000708e00000, 0x0000000708e00000, 0x0000000709000000|  0%| F|  |TAMS 0x0000000708e00000| PB 0x0000000708e00000| Untracked |  0
|  54|0x0000000709000000, 0x0000000709000000, 0x0000000709200000|  0%| F|  |TAMS 0x0000000709000000| PB 0x0000000709000000| Untracked |  0
|  55|0x0000000709200000, 0x0000000709200000, 0x0000000709400000|  0%| F|  |TAMS 0x0000000709200000| PB 0x0000000709200000| Untracked |  0
|  56|0x0000000709400000, 0x0000000709400000, 0x0000000709600000|  0%| F|  |TAMS 0x0000000709400000| PB 0x0000000709400000| Untracked |  0
|  57|0x0000000709600000, 0x0000000709600000, 0x0000000709800000|  0%| F|  |TAMS 0x0000000709600000| PB 0x0000000709600000| Untracked |  0
|  58|0x0000000709800000, 0x0000000709800000, 0x0000000709a00000|  0%| F|  |TAMS 0x0000000709800000| PB 0x0000000709800000| Untracked |  0
|  59|0x0000000709a00000, 0x0000000709a00000, 0x0000000709c00000|  0%| F|  |TAMS 0x0000000709a00000| PB 0x0000000709a00000| Untracked |  0
|  60|0x0000000709c00000, 0x0000000709c00000, 0x0000000709e00000|  0%| F|  |TAMS 0x0000000709c00000| PB 0x0000000709c00000| Untracked |  0
|  61|0x0000000709e00000, 0x0000000709e00000, 0x000000070a000000|  0%| F|  |TAMS 0x0000000709e00000| PB 0x0000000709e00000| Untracked |  0
|  62|0x000000070a000000, 0x000000070a000000, 0x000000070a200000|  0%| F|  |TAMS 0x000000070a000000| PB 0x000000070a000000| Untracked |  0
|  63|0x000000070a200000, 0x000000070a200000, 0x000000070a400000|  0%| F|  |TAMS 0x000000070a200000| PB 0x000000070a200000| Untracked |  0
|  64|0x000000070a400000, 0x000000070a400000, 0x000000070a600000|  0%| F|  |TAMS 0x000000070a400000| PB 0x000000070a400000| Untracked |  0
|  65|0x000000070a600000, 0x000000070a600000, 0x000000070a800000|  0%| F|  |TAMS 0x000000070a600000| PB 0x000000070a600000| Untracked |  0
|  66|0x000000070a800000, 0x000000070a800000, 0x000000070aa00000|  0%| F|  |TAMS 0x000000070a800000| PB 0x000000070a800000| Untracked |  0
|  67|0x000000070aa00000, 0x000000070aa00000, 0x000000070ac00000|  0%| F|  |TAMS 0x000000070aa00000| PB 0x000000070aa00000| Untracked |  0
|  68|0x000000070ac00000, 0x000000070ac00000, 0x000000070ae00000|  0%| F|  |TAMS 0x000000070ac00000| PB 0x000000070ac00000| Untracked |  0
|  69|0x000000070ae00000, 0x000000070ae00000, 0x000000070b000000|  0%| F|  |TAMS 0x000000070ae00000| PB 0x000000070ae00000| Untracked |  0
|  70|0x000000070b000000, 0x000000070b000000, 0x000000070b200000|  0%| F|  |TAMS 0x000000070b000000| PB 0x000000070b000000| Untracked |  0
|  71|0x000000070b200000, 0x000000070b200000, 0x000000070b400000|  0%| F|  |TAMS 0x000000070b200000| PB 0x000000070b200000| Untracked |  0
|  72|0x000000070b400000, 0x000000070b400000, 0x000000070b600000|  0%| F|  |TAMS 0x000000070b400000| PB 0x000000070b400000| Untracked |  0
|  73|0x000000070b600000, 0x000000070b600000, 0x000000070b800000|  0%| F|  |TAMS 0x000000070b600000| PB 0x000000070b600000| Untracked |  0
|  74|0x000000070b800000, 0x000000070b800000, 0x000000070ba00000|  0%| F|  |TAMS 0x000000070b800000| PB 0x000000070b800000| Untracked |  0
|  75|0x000000070ba00000, 0x000000070ba00000, 0x000000070bc00000|  0%| F|  |TAMS 0x000000070ba00000| PB 0x000000070ba00000| Untracked |  0
|  76|0x000000070bc00000, 0x000000070bc00000, 0x000000070be00000|  0%| F|  |TAMS 0x000000070bc00000| PB 0x000000070bc00000| Untracked |  0
|  77|0x000000070be00000, 0x000000070be00000, 0x000000070c000000|  0%| F|  |TAMS 0x000000070be00000| PB 0x000000070be00000| Untracked |  0
|  78|0x000000070c000000, 0x000000070c000000, 0x000000070c200000|  0%| F|  |TAMS 0x000000070c000000| PB 0x000000070c000000| Untracked |  0
|  79|0x000000070c200000, 0x000000070c200000, 0x000000070c400000|  0%| F|  |TAMS 0x000000070c200000| PB 0x000000070c200000| Untracked |  0
|  80|0x000000070c400000, 0x000000070c400000, 0x000000070c600000|  0%| F|  |TAMS 0x000000070c400000| PB 0x000000070c400000| Untracked |  0
|  81|0x000000070c600000, 0x000000070c600000, 0x000000070c800000|  0%| F|  |TAMS 0x000000070c600000| PB 0x000000070c600000| Untracked |  0
|  82|0x000000070c800000, 0x000000070c800000, 0x000000070ca00000|  0%| F|  |TAMS 0x000000070c800000| PB 0x000000070c800000| Untracked |  0
|  83|0x000000070ca00000, 0x000000070ca00000, 0x000000070cc00000|  0%| F|  |TAMS 0x000000070ca00000| PB 0x000000070ca00000| Untracked |  0
|  84|0x000000070cc00000, 0x000000070cc00000, 0x000000070ce00000|  0%| F|  |TAMS 0x000000070cc00000| PB 0x000000070cc00000| Untracked |  0
|  85|0x000000070ce00000, 0x000000070ce00000, 0x000000070d000000|  0%| F|  |TAMS 0x000000070ce00000| PB 0x000000070ce00000| Untracked |  0
|  86|0x000000070d000000, 0x000000070d000000, 0x000000070d200000|  0%| F|  |TAMS 0x000000070d000000| PB 0x000000070d000000| Untracked |  0
|  87|0x000000070d200000, 0x000000070d200000, 0x000000070d400000|  0%| F|  |TAMS 0x000000070d200000| PB 0x000000070d200000| Untracked |  0
|  88|0x000000070d400000, 0x000000070d400000, 0x000000070d600000|  0%| F|  |TAMS 0x000000070d400000| PB 0x000000070d400000| Untracked |  0
|  89|0x000000070d600000, 0x000000070d600000, 0x000000070d800000|  0%| F|  |TAMS 0x000000070d600000| PB 0x000000070d600000| Untracked |  0
|  90|0x000000070d800000, 0x000000070d800000, 0x000000070da00000|  0%| F|  |TAMS 0x000000070d800000| PB 0x000000070d800000| Untracked |  0
|  91|0x000000070da00000, 0x000000070da00000, 0x000000070dc00000|  0%| F|  |TAMS 0x000000070da00000| PB 0x000000070da00000| Untracked |  0
|  92|0x000000070dc00000, 0x000000070dc00000, 0x000000070de00000|  0%| F|  |TAMS 0x000000070dc00000| PB 0x000000070dc00000| Untracked |  0
|  93|0x000000070de00000, 0x000000070deea420, 0x000000070e000000| 45%| E|  |TAMS 0x000000070de00000| PB 0x000000070de00000| Complete |  0
|  94|0x000000070e000000, 0x000000070e200000, 0x000000070e200000|100%| E|CS|TAMS 0x000000070e000000| PB 0x000000070e000000| Complete |  0
|  95|0x000000070e200000, 0x000000070e400000, 0x000000070e400000|100%| E|CS|TAMS 0x000000070e200000| PB 0x000000070e200000| Complete |  0
|  96|0x000000070e400000, 0x000000070e600000, 0x000000070e600000|100%| E|CS|TAMS 0x000000070e400000| PB 0x000000070e400000| Complete |  0
|  97|0x000000070e600000, 0x000000070e800000, 0x000000070e800000|100%| E|CS|TAMS 0x000000070e600000| PB 0x000000070e600000| Complete |  0
|  98|0x000000070e800000, 0x000000070ea00000, 0x000000070ea00000|100%| E|CS|TAMS 0x000000070e800000| PB 0x000000070e800000| Complete |  0
|  99|0x000000070ea00000, 0x000000070ec00000, 0x000000070ec00000|100%| E|CS|TAMS 0x000000070ea00000| PB 0x000000070ea00000| Complete |  0
| 100|0x000000070ec00000, 0x000000070ee00000, 0x000000070ee00000|100%| E|CS|TAMS 0x000000070ec00000| PB 0x000000070ec00000| Complete |  0
| 101|0x000000070ee00000, 0x000000070f000000, 0x000000070f000000|100%| E|CS|TAMS 0x000000070ee00000| PB 0x000000070ee00000| Complete |  0
| 102|0x000000070f000000, 0x000000070f200000, 0x000000070f200000|100%| E|CS|TAMS 0x000000070f000000| PB 0x000000070f000000| Complete |  0
| 103|0x000000070f200000, 0x000000070f3befd0, 0x000000070f400000| 87%| S|CS|TAMS 0x000000070f200000| PB 0x000000070f200000| Complete |  0
| 104|0x000000070f400000, 0x000000070f600000, 0x000000070f600000|100%| S|CS|TAMS 0x000000070f400000| PB 0x000000070f400000| Complete |  0
| 105|0x000000070f600000, 0x000000070f800000, 0x000000070f800000|100%| S|CS|TAMS 0x000000070f600000| PB 0x000000070f600000| Complete |  0
| 106|0x000000070f800000, 0x000000070fa00000, 0x000000070fa00000|100%| S|CS|TAMS 0x000000070f800000| PB 0x000000070f800000| Complete |  0
| 107|0x000000070fa00000, 0x000000070fc00000, 0x000000070fc00000|100%| S|CS|TAMS 0x000000070fa00000| PB 0x000000070fa00000| Complete |  0
| 108|0x000000070fc00000, 0x000000070fe00000, 0x000000070fe00000|100%| S|CS|TAMS 0x000000070fc00000| PB 0x000000070fc00000| Complete |  0
| 109|0x000000070fe00000, 0x0000000710000000, 0x0000000710000000|100%| E|CS|TAMS 0x000000070fe00000| PB 0x000000070fe00000| Complete |  0
| 110|0x0000000710000000, 0x0000000710200000, 0x0000000710200000|100%| E|CS|TAMS 0x0000000710000000| PB 0x0000000710000000| Complete |  0
| 111|0x0000000710200000, 0x0000000710400000, 0x0000000710400000|100%| E|CS|TAMS 0x0000000710200000| PB 0x0000000710200000| Complete |  0
| 112|0x0000000710400000, 0x0000000710600000, 0x0000000710600000|100%| E|CS|TAMS 0x0000000710400000| PB 0x0000000710400000| Complete |  0
| 113|0x0000000710600000, 0x0000000710800000, 0x0000000710800000|100%| E|CS|TAMS 0x0000000710600000| PB 0x0000000710600000| Complete |  0
| 114|0x0000000710800000, 0x0000000710a00000, 0x0000000710a00000|100%| E|CS|TAMS 0x0000000710800000| PB 0x0000000710800000| Complete |  0
| 115|0x0000000710a00000, 0x0000000710c00000, 0x0000000710c00000|100%| E|CS|TAMS 0x0000000710a00000| PB 0x0000000710a00000| Complete |  0
| 116|0x0000000710c00000, 0x0000000710e00000, 0x0000000710e00000|100%| E|CS|TAMS 0x0000000710c00000| PB 0x0000000710c00000| Complete |  0
| 117|0x0000000710e00000, 0x0000000711000000, 0x0000000711000000|100%| E|CS|TAMS 0x0000000710e00000| PB 0x0000000710e00000| Complete |  0
| 118|0x0000000711000000, 0x0000000711200000, 0x0000000711200000|100%| E|CS|TAMS 0x0000000711000000| PB 0x0000000711000000| Complete |  0
| 119|0x0000000711200000, 0x0000000711400000, 0x0000000711400000|100%| E|CS|TAMS 0x0000000711200000| PB 0x0000000711200000| Complete |  0
| 120|0x0000000711400000, 0x0000000711600000, 0x0000000711600000|100%| E|CS|TAMS 0x0000000711400000| PB 0x0000000711400000| Complete |  0
| 121|0x0000000711600000, 0x0000000711800000, 0x0000000711800000|100%| E|CS|TAMS 0x0000000711600000| PB 0x0000000711600000| Complete |  0
| 122|0x0000000711800000, 0x0000000711a00000, 0x0000000711a00000|100%| E|CS|TAMS 0x0000000711800000| PB 0x0000000711800000| Complete |  0
| 123|0x0000000711a00000, 0x0000000711c00000, 0x0000000711c00000|100%| E|CS|TAMS 0x0000000711a00000| PB 0x0000000711a00000| Complete |  0
| 124|0x0000000711c00000, 0x0000000711e00000, 0x0000000711e00000|100%| E|CS|TAMS 0x0000000711c00000| PB 0x0000000711c00000| Complete |  0
| 125|0x0000000711e00000, 0x0000000712000000, 0x0000000712000000|100%| E|CS|TAMS 0x0000000711e00000| PB 0x0000000711e00000| Complete |  0
| 126|0x0000000712000000, 0x0000000712200000, 0x0000000712200000|100%| E|CS|TAMS 0x0000000712000000| PB 0x0000000712000000| Complete |  0

Card table byte_map: [0x0000014b47050000,0x0000014b47840000] _byte_map_base: 0x0000014b4383e000

Marking Bits: (CMBitMap*) 0x0000014b2d128b50
 Bits: [0x0000014b47840000, 0x0000014b4b7b0000)

Polling page: 0x0000014b2d180000

Metaspace:

Usage:
  Non-class:     24.18 MB used.
      Class:      3.79 MB used.
       Both:     27.97 MB used.

Virtual space:
  Non-class space:       64.00 MB reserved,      24.44 MB ( 38%) committed,  1 nodes.
      Class space:        1.00 GB reserved,       4.00 MB ( <1%) committed,  1 nodes.
             Both:        1.06 GB reserved,      28.44 MB (  3%) committed. 

Chunk freelists:
   Non-Class:  7.42 MB
       Class:  11.96 MB
        Both:  19.38 MB

MaxMetaspaceSize: unlimited
CompressedClassSpaceSize: 1.00 GB
Initial GC threshold: 21.00 MB
Current GC threshold: 35.12 MB
CDS: on
 - commit_granule_bytes: 65536.
 - commit_granule_words: 8192.
 - virtual_space_node_default_size: 8388608.
 - enlarge_chunks_in_place: 1.
 - use_allocation_guard: 0.


Internal statistics:

num_allocs_failed_limit: 3.
num_arena_births: 558.
num_arena_deaths: 0.
num_vsnodes_births: 2.
num_vsnodes_deaths: 0.
num_space_committed: 455.
num_space_uncommitted: 0.
num_chunks_returned_to_freelist: 3.
num_chunks_taken_from_freelist: 1384.
num_chunk_merges: 3.
num_chunk_splits: 938.
num_chunks_enlarged: 651.
num_inconsistent_stats: 0.

CodeHeap 'non-profiled nmethods': size=120000Kb used=3665Kb max_used=3665Kb free=116335Kb
 bounds [0x0000014b3e6a0000, 0x0000014b3ea40000, 0x0000014b45bd0000]
CodeHeap 'profiled nmethods': size=120000Kb used=12804Kb max_used=12804Kb free=107196Kb
 bounds [0x0000014b36bd0000, 0x0000014b37860000, 0x0000014b3e100000]
CodeHeap 'non-nmethods': size=5760Kb used=2057Kb max_used=2129Kb free=3702Kb
 bounds [0x0000014b3e100000, 0x0000014b3e370000, 0x0000014b3e6a0000]
 total_blobs=6816 nmethods=5852 adapters=866
 compilation: enabled
              stopped_count=0, restarted_count=0
 full_count=0

Compilation events (20 events):
Event: 30.489 Thread 0x0000014b4dc55d20 5834       3       javafx.beans.binding.BooleanBinding::get (25 bytes)
Event: 30.489 Thread 0x0000014b4dc55d20 nmethod 5834 0x0000014b37847810 code [0x0000014b378479c0, 0x0000014b37847be0]
Event: 30.490 Thread 0x0000014b4dc55d20 5835       3       javafx.scene.layout.HBox::getContentBias (84 bytes)
Event: 30.490 Thread 0x0000014b4dc55d20 nmethod 5835 0x0000014b37847c90 code [0x0000014b37847ea0, 0x0000014b37848690]
Event: 30.490 Thread 0x0000014b4dc55d20 5836       3       javafx.scene.layout.Region::getMaxAreaHeight (394 bytes)
Event: 30.491 Thread 0x0000014b4dc54ad0 5839       4       com.sun.javafx.font.CompositeStrike::getQuantizedPosition (12 bytes)
Event: 30.497 Thread 0x0000014b4dc55d20 nmethod 5836 0x0000014b37848890 code [0x0000014b378490a0, 0x0000014b3784d8c0]
Event: 30.497 Thread 0x0000014b4dc55d20 5837       3       javafx.scene.layout.HBox::getMargin (10 bytes)
Event: 30.497 Thread 0x0000014b4dc54ad0 nmethod 5839 0x0000014b3ea2d990 code [0x0000014b3ea2dba0, 0x0000014b3ea2e0f0]
Event: 30.498 Thread 0x0000014b4dc55d20 nmethod 5837 0x0000014b3784f710 code [0x0000014b3784f940, 0x0000014b37850358]
Event: 30.498 Thread 0x0000014b4dc55d20 5838       3       com.sun.prism.d3d.D3DGraphics::clear (46 bytes)
Event: 30.498 Thread 0x0000014b4dc54ad0 5840       4       com.sun.javafx.font.directwrite.DWFontStrike::getQuantizedPosition (151 bytes)
Event: 30.498 Thread 0x0000014b4dc55d20 nmethod 5838 0x0000014b37850690 code [0x0000014b378508a0, 0x0000014b37850e50]
Event: 30.498 Thread 0x0000014b4dc54ad0 nmethod 5840 0x0000014b3ea2e490 code [0x0000014b3ea2e640, 0x0000014b3ea2e870]
Event: 108.160 Thread 0x0000014b4dc54ad0 5841       4       com.sun.javafx.tk.quantum.QuantumToolkit::postPulse (133 bytes)
Event: 108.185 Thread 0x0000014b4dc54ad0 nmethod 5841 0x0000014b3ea2e990 code [0x0000014b3ea2ed40, 0x0000014b3ea30c08]
Event: 108.185 Thread 0x0000014b4dc54ad0 5842       4       com.sun.javafx.tk.quantum.QuantumToolkit$$Lambda/0x0000014b5003e390::run (8 bytes)
Event: 108.186 Thread 0x0000014b4dc54ad0 nmethod 5842 0x0000014b3ea31f90 code [0x0000014b3ea32120, 0x0000014b3ea32208]
Event: 847.303 Thread 0x0000014b4dc55d20 5853       1       java.util.logging.LogManager$LoggerContext::getOwner (5 bytes)
Event: 847.303 Thread 0x0000014b4dc55d20 nmethod 5853 0x0000014b3ea34110 code [0x0000014b3ea342a0, 0x0000014b3ea34370]

GC Heap History (6 events):
Event: 0.941 GC heap before
{Heap before GC invocations=0 (full 0):
 garbage-first heap   total reserved 4157440K, committed 260096K, used 24576K [0x0000000702400000, 0x0000000800000000)
  region size 2048K, 12 young (24576K), 0 survivors (0K)
 Metaspace       used 4629K, committed 4800K, reserved 1114112K
  class space    used 493K, committed 576K, reserved 1048576K
}
Event: 0.944 GC heap after
{Heap after GC invocations=1 (full 0):
 garbage-first heap   total reserved 4157440K, committed 260096K, used 2687K [0x0000000702400000, 0x0000000800000000)
  region size 2048K, 2 young (4096K), 2 survivors (4096K)
 Metaspace       used 4629K, committed 4800K, reserved 1114112K
  class space    used 493K, committed 576K, reserved 1048576K
}
Event: 2.738 GC heap before
{Heap before GC invocations=1 (full 0):
 garbage-first heap   total reserved 4157440K, committed 260096K, used 55935K [0x0000000702400000, 0x0000000800000000)
  region size 2048K, 25 young (51200K), 2 survivors (4096K)
 Metaspace       used 12767K, committed 13056K, reserved 1114112K
  class space    used 1738K, committed 1856K, reserved 1048576K
}
Event: 2.743 GC heap after
{Heap after GC invocations=2 (full 0):
 garbage-first heap   total reserved 4157440K, committed 260096K, used 15157K [0x0000000702400000, 0x0000000800000000)
  region size 2048K, 4 young (8192K), 4 survivors (8192K)
 Metaspace       used 12767K, committed 13056K, reserved 1114112K
  class space    used 1738K, committed 1856K, reserved 1048576K
}
Event: 6.141 GC heap before
{Heap before GC invocations=2 (full 0):
 garbage-first heap   total reserved 4157440K, committed 260096K, used 127797K [0x0000000702400000, 0x0000000800000000)
  region size 2048K, 22 young (45056K), 4 survivors (8192K)
 Metaspace       used 21189K, committed 21504K, reserved 1114112K
  class space    used 2787K, committed 2944K, reserved 1048576K
}
Event: 6.148 GC heap after
{Heap after GC invocations=3 (full 0):
 garbage-first heap   total reserved 4157440K, committed 260096K, used 98043K [0x0000000702400000, 0x0000000800000000)
  region size 2048K, 6 young (12288K), 6 survivors (12288K)
 Metaspace       used 21189K, committed 21504K, reserved 1114112K
  class space    used 2787K, committed 2944K, reserved 1048576K
}

Dll operation events (20 events):
Event: 0.532 Loaded shared library C:\Users\Usuario\.openjfx\cache\22+30\amd64\api-ms-win-crt-math-l1-1-0.dll
Event: 0.538 Loaded shared library C:\Users\Usuario\.openjfx\cache\22+30\amd64\api-ms-win-crt-multibyte-l1-1-0.dll
Event: 0.542 Loaded shared library C:\Users\Usuario\.openjfx\cache\22+30\amd64\api-ms-win-crt-private-l1-1-0.dll
Event: 0.546 Loaded shared library C:\Users\Usuario\.openjfx\cache\22+30\amd64\api-ms-win-crt-process-l1-1-0.dll
Event: 0.549 Loaded shared library C:\Users\Usuario\.openjfx\cache\22+30\amd64\api-ms-win-crt-runtime-l1-1-0.dll
Event: 0.551 Loaded shared library C:\Users\Usuario\.openjfx\cache\22+30\amd64\api-ms-win-crt-stdio-l1-1-0.dll
Event: 0.554 Loaded shared library C:\Users\Usuario\.openjfx\cache\22+30\amd64\api-ms-win-crt-string-l1-1-0.dll
Event: 0.557 Loaded shared library C:\Users\Usuario\.openjfx\cache\22+30\amd64\api-ms-win-crt-time-l1-1-0.dll
Event: 0.560 Loaded shared library C:\Users\Usuario\.openjfx\cache\22+30\amd64\api-ms-win-crt-utility-l1-1-0.dll
Event: 0.574 Loaded shared library C:\Users\Usuario\.openjfx\cache\22+30\amd64\ucrtbase.dll
Event: 0.578 Loaded shared library C:\Users\Usuario\.openjfx\cache\22+30\amd64\vcruntime140.dll
Event: 0.581 Loaded shared library C:\Users\Usuario\.openjfx\cache\22+30\amd64\vcruntime140_1.dll
Event: 0.588 Loaded shared library C:\Users\Usuario\.openjfx\cache\22+30\amd64\msvcp140.dll
Event: 0.590 Loaded shared library C:\Users\Usuario\.openjfx\cache\22+30\amd64\msvcp140_1.dll
Event: 0.594 Loaded shared library C:\Users\Usuario\.openjfx\cache\22+30\amd64\msvcp140_2.dll
Event: 0.633 Loaded shared library C:\Users\Usuario\.openjfx\cache\22+30\amd64\prism_d3d.dll
Event: 0.729 Loaded shared library C:\Users\Usuario\.openjfx\cache\22+30\amd64\glass.dll
Event: 0.963 Loaded shared library C:\Users\Usuario\.jdks\openjdk-22.0.2\bin\jimage.dll
Event: 1.660 Loaded shared library C:\Users\Usuario\.openjfx\cache\22+30\amd64\javafx_font.dll
Event: 6.165 Loaded shared library C:\Users\Usuario\.jdks\openjdk-22.0.2\bin\sunmscapi.dll

Deoptimization events (20 events):
Event: 27.027 Thread 0x0000014b94b65e20 Uncommon trap: trap_request=0xffffffd6 fr.pc=0x0000014b3ea17a60 relative=0x0000000000000680
Event: 27.027 Thread 0x0000014b94b65e20 Uncommon trap: reason=array_check action=maybe_recompile pc=0x0000014b3ea17a60 method=com.sun.javafx.event.EventDispatchChainImpl.prepend(Ljavafx/event/EventDispatcher;)Ljavafx/event/EventDispatchChain; @ 33 c2
Event: 27.027 Thread 0x0000014b94b65e20 DEOPT PACKING pc=0x0000014b3ea17a60 sp=0x00000019c18fad70
Event: 27.027 Thread 0x0000014b94b65e20 DEOPT UNPACKING pc=0x0000014b3e1546a2 sp=0x00000019c18fad30 mode 2
Event: 27.027 Thread 0x0000014b94b65e20 Uncommon trap: trap_request=0xffffffd6 fr.pc=0x0000014b3ea17a60 relative=0x0000000000000680
Event: 27.027 Thread 0x0000014b94b65e20 Uncommon trap: reason=array_check action=maybe_recompile pc=0x0000014b3ea17a60 method=com.sun.javafx.event.EventDispatchChainImpl.prepend(Ljavafx/event/EventDispatcher;)Ljavafx/event/EventDispatchChain; @ 33 c2
Event: 27.027 Thread 0x0000014b94b65e20 DEOPT PACKING pc=0x0000014b3ea17a60 sp=0x00000019c18fae20
Event: 27.027 Thread 0x0000014b94b65e20 DEOPT UNPACKING pc=0x0000014b3e1546a2 sp=0x00000019c18fade0 mode 2
Event: 28.585 Thread 0x0000014b94b65e20 DEOPT PACKING pc=0x0000014b372350dc sp=0x00000019c18faa30
Event: 28.585 Thread 0x0000014b94b65e20 DEOPT UNPACKING pc=0x0000014b3e154e42 sp=0x00000019c18f9fd8 mode 1
Event: 28.585 Thread 0x0000014b94b65e20 DEOPT PACKING pc=0x0000014b37239dec sp=0x00000019c18fabe0
Event: 28.585 Thread 0x0000014b94b65e20 DEOPT UNPACKING pc=0x0000014b3e154e42 sp=0x00000019c18fa0a8 mode 1
Event: 847.305 Thread 0x0000014b9503d950 Uncommon trap: trap_request=0xffffff45 fr.pc=0x0000014b3ea30048 relative=0x0000000000001308
Event: 847.305 Thread 0x0000014b9503d950 Uncommon trap: reason=unstable_if action=reinterpret pc=0x0000014b3ea30048 method=com.sun.javafx.tk.quantum.QuantumToolkit.postPulse()V @ 7 c2
Event: 847.305 Thread 0x0000014b9503d950 DEOPT PACKING pc=0x0000014b3ea30048 sp=0x00000019c10ff1d0
Event: 847.305 Thread 0x0000014b9503d950 DEOPT UNPACKING pc=0x0000014b3e1546a2 sp=0x00000019c10ff228 mode 2
Event: 847.306 Thread 0x0000014ba0ad82b0 DEOPT PACKING pc=0x0000014b3e758b64 sp=0x00000019bfeff2e0
Event: 847.306 Thread 0x0000014b94568c60 DEOPT PACKING pc=0x0000014b376ac4fc sp=0x00000019c11fedc0
Event: 847.306 Thread 0x0000014ba0ad82b0 DEOPT UNPACKING pc=0x0000014b3e154e42 sp=0x00000019bfefe710 mode 1
Event: 847.306 Thread 0x0000014b94568c60 DEOPT UNPACKING pc=0x0000014b3e154e42 sp=0x00000019c11fe2f8 mode 1

Classes loaded (20 events):
Event: 19.923 Loading class org/example/kaos/entity/DetallePedido
Event: 19.923 Loading class org/example/kaos/entity/DetallePedido done
Event: 21.485 Loading class java/lang/Short$ShortCache
Event: 21.485 Loading class java/lang/Short$ShortCache done
Event: 21.588 Loading class com/sun/prism/impl/ps/CachingShapeRepState$CacheEntry
Event: 21.588 Loading class com/sun/prism/impl/ps/CachingShapeRepState$CacheEntry done
Event: 21.588 Loading class com/sun/prism/impl/ps/CachingShapeRepState$CacheEntry
Event: 21.588 Loading class com/sun/prism/impl/ps/CachingShapeRepState$CacheEntry done
Event: 25.362 Loading class com/sun/javafx/tk/quantum/GlassViewEventHandler
Event: 25.362 Loading class com/sun/javafx/tk/quantum/GlassViewEventHandler done
Event: 31.640 Loading class com/intellij/rt/debugger/BatchEvaluatorServer
Event: 31.640 Loading class com/intellij/rt/debugger/BatchEvaluatorServer done
Event: 32.836 Loading class java/io/DataOutputStream
Event: 32.836 Loading class java/io/DataOutputStream done
Event: 847.301 Loading class jdk/internal/misc/Signal$1
Event: 847.302 Loading class jdk/internal/misc/Signal$1 done
Event: 847.305 Loading class com/sun/javafx/tk/quantum/QuantumRenderer
Event: 847.305 Loading class com/sun/javafx/tk/quantum/QuantumRenderer done
Event: 847.306 Loading class com/sun/javafx/tk/quantum/QuantumToolkit
Event: 847.306 Loading class com/sun/javafx/tk/quantum/QuantumToolkit done

Classes unloaded (0 events):
No events

Classes redefined (0 events):
No events

Internal exceptions (20 events):
Event: 6.740 Thread 0x0000014b94b65e20 Exception <a 'java/lang/ClassNotFoundException'{0x00000007115ba3b0}: com/sun/javafx/scene/control/skin/resources/controls_en_US> (0x00000007115ba3b0) 
thrown [s\open\src\hotspot\share\prims\jni.cpp, line 539]
Event: 7.847 Thread 0x0000014b94568c60 Exception <a 'java/lang/NoSuchMethodError'{0x0000000710653418}: 'java.lang.Object java.lang.invoke.DirectMethodHandle$Holder.invokeStaticInit(java.lang.Object, int)'> (0x0000000710653418) 
thrown [s\open\src\hotspot\share\interpreter\linkResolver.cpp, line 774]
Event: 8.229 Thread 0x0000014b94b65e20 Implicit null exception at 0x0000014b3e8cdad4 to 0x0000014b3e8cdb51
Event: 9.781 Thread 0x0000014b94b65e20 Exception <a 'java/io/IOException'{0x00000007105ea1d0}> (0x00000007105ea1d0) 
thrown [s\open\src\hotspot\share\prims\jni.cpp, line 520]
Event: 9.797 Thread 0x0000014b94b65e20 Exception <a 'java/io/IOException'{0x000000071024ffe0}> (0x000000071024ffe0) 
thrown [s\open\src\hotspot\share\prims\jni.cpp, line 520]
Event: 9.833 Thread 0x0000014b94b65e20 Exception <a 'java/io/IOException'{0x00000007102cac50}> (0x00000007102cac50) 
thrown [s\open\src\hotspot\share\prims\jni.cpp, line 520]
Event: 9.853 Thread 0x0000014b94b65e20 Exception <a 'java/io/IOException'{0x0000000710331848}> (0x0000000710331848) 
thrown [s\open\src\hotspot\share\prims\jni.cpp, line 520]
Event: 11.856 Thread 0x0000014b94b65e20 Exception <a 'java/io/IOException'{0x00000007100d3c60}> (0x00000007100d3c60) 
thrown [s\open\src\hotspot\share\prims\jni.cpp, line 520]
Event: 11.880 Thread 0x0000014b94b65e20 Exception <a 'java/io/IOException'{0x000000070fe12490}> (0x000000070fe12490) 
thrown [s\open\src\hotspot\share\prims\jni.cpp, line 520]
Event: 14.770 Thread 0x0000014b94b65e20 Exception <a 'java/io/IOException'{0x000000070ec75b68}> (0x000000070ec75b68) 
thrown [s\open\src\hotspot\share\prims\jni.cpp, line 520]
Event: 14.782 Thread 0x0000014b94b65e20 Exception <a 'java/io/IOException'{0x000000070ecd4b10}> (0x000000070ecd4b10) 
thrown [s\open\src\hotspot\share\prims\jni.cpp, line 520]
Event: 14.808 Thread 0x0000014b94b65e20 Exception <a 'java/io/IOException'{0x000000070ed39480}> (0x000000070ed39480) 
thrown [s\open\src\hotspot\share\prims\jni.cpp, line 520]
Event: 14.825 Thread 0x0000014b94b65e20 Exception <a 'java/io/IOException'{0x000000070ed98e28}> (0x000000070ed98e28) 
thrown [s\open\src\hotspot\share\prims\jni.cpp, line 520]
Event: 21.493 Thread 0x0000014b94b65e20 Exception <a 'java/lang/NoSuchMethodError'{0x000000070e848a60}: 'java.lang.Object java.lang.invoke.DelegatingMethodHandle$Holder.reinvoke_L(java.lang.Object, double, double, double, double)'> (0x000000070e848a60) 
thrown [s\open\src\hotspot\share\interpreter\linkResolver.cpp, line 774]
Event: 21.499 Thread 0x0000014b94b65e20 Exception <a 'java/lang/NoSuchMethodError'{0x000000070e859978}: 'java.lang.Object java.lang.invoke.DirectMethodHandle$Holder.invokeStatic(java.lang.Object, java.lang.Object, int)'> (0x000000070e859978) 
thrown [s\open\src\hotspot\share\interpreter\linkResolver.cpp, line 774]
Event: 21.500 Thread 0x0000014b94b65e20 Exception <a 'java/lang/NoSuchMethodError'{0x000000070e85d820}: 'void java.lang.invoke.DirectMethodHandle$Holder.invokeStatic(java.lang.Object, java.lang.Object, int, java.lang.Object)'> (0x000000070e85d820) 
thrown [s\open\src\hotspot\share\interpreter\linkResolver.cpp, line 774]
Event: 21.501 Thread 0x0000014b94b65e20 Exception <a 'java/lang/NoSuchMethodError'{0x000000070e864560}: 'void java.lang.invoke.DelegatingMethodHandle$Holder.delegate(java.lang.Object, java.lang.Object, int, java.lang.Object)'> (0x000000070e864560) 
thrown [s\open\src\hotspot\share\interpreter\linkResolver.cpp, line 774]
Event: 21.520 Thread 0x0000014b94b65e20 Exception <a 'java/net/SocketException'{0x000000070e8f4e90}: Connection reset by peer: shutdown> (0x000000070e8f4e90) 
thrown [s\open\src\hotspot\share\prims\jni.cpp, line 539]
Event: 108.327 Thread 0x0000014b94b65e20 Exception <a 'java/io/IOException'{0x000000070e29c0f8}> (0x000000070e29c0f8) 
thrown [s\open\src\hotspot\share\prims\jni.cpp, line 520]
Event: 423.882 Thread 0x0000014b94b65e20 Exception <a 'java/lang/NoSuchMethodError'{0x000000070e0f4810}: 'java.lang.Object java.lang.invoke.DirectMethodHandle$Holder.invokeSpecial(java.lang.Object, java.lang.Object, int, java.lang.Object, java.lang.Object)'> (0x000000070e0f4810) 
thrown [s\open\src\hotspot\share\interpreter\linkResolver.cpp, line 774]

ZGC Phase Switch (0 events):
No events

VM Operations (20 events):
Event: 651.580 Executing VM operation: get/set locals done
Event: 651.580 Executing VM operation: get/set locals
Event: 651.581 Executing VM operation: get/set locals done
Event: 651.581 Executing VM operation: get/set locals
Event: 651.581 Executing VM operation: get/set locals done
Event: 651.581 Executing VM operation: get/set locals
Event: 651.581 Executing VM operation: get/set locals done
Event: 768.819 Executing VM operation: get/set locals
Event: 768.819 Executing VM operation: get/set locals done
Event: 847.246 Executing VM operation: ChangeBreakpoints
Event: 847.246 Executing VM operation: ChangeBreakpoints done
Event: 847.246 Executing VM operation: ChangeBreakpoints
Event: 847.246 Executing VM operation: ChangeBreakpoints done
Event: 847.246 Executing VM operation: ChangeBreakpoints
Event: 847.246 Executing VM operation: ChangeBreakpoints done
Event: 847.246 Executing VM operation: ChangeBreakpoints
Event: 847.247 Executing VM operation: ChangeBreakpoints done
Event: 847.247 Executing VM operation: ChangeBreakpoints
Event: 847.247 Executing VM operation: ChangeBreakpoints done
Event: 847.307 Executing VM operation: Exit

Memory protections (0 events):
No events

Nmethod flushes (0 events):
No events

Events (20 events):
Event: 7.806 Thread 0x0000014b4dc55d20 Thread added: 0x0000014b945857f0
Event: 8.123 Thread 0x0000014b945857f0 Thread exited: 0x0000014b945857f0
Event: 9.823 Thread 0x0000014b4dc55d20 Thread added: 0x0000014b4e731400
Event: 10.082 Thread 0x0000014b4e731400 Thread exited: 0x0000014b4e731400
Event: 11.869 Thread 0x0000014b4dc55d20 Thread added: 0x0000014b94075a70
Event: 11.924 Thread 0x0000014b4dc55d20 Thread added: 0x0000014b957c3030
Event: 12.104 Thread 0x0000014b957c3030 Thread exited: 0x0000014b957c3030
Event: 12.104 Thread 0x0000014b94075a70 Thread exited: 0x0000014b94075a70
Event: 13.980 Thread 0x0000014b4dc55d20 Thread added: 0x0000014ba0c538a0
Event: 14.474 Thread 0x0000014ba0c538a0 Thread exited: 0x0000014ba0c538a0
Event: 14.770 Thread 0x0000014b4dc55d20 Thread added: 0x0000014b9c9040b0
Event: 15.290 Thread 0x0000014b9c9040b0 Thread exited: 0x0000014b9c9040b0
Event: 847.246 Thread 0x0000014b9410f250 Thread exited: 0x0000014b9410f250
Event: 847.251 Thread 0x0000014b4e9772d0 Thread exited: 0x0000014b4e9772d0
Event: 847.302 Thread 0x0000014b4dc46b10 Thread added: 0x0000014b95489c20
Event: 847.304 Thread 0x0000014b95489c20 Thread added: 0x0000014ba0ad82b0
Event: 847.304 Thread 0x0000014b95489c20 Thread added: 0x0000014ba0ad2040
Event: 847.305 Thread 0x0000014ba0ad2040 Thread exited: 0x0000014ba0ad2040
Event: 847.306 Thread 0x0000014ba0ad82b0 Thread exited: 0x0000014ba0ad82b0
Event: 847.306 Thread 0x0000014b95489c20 Before exit entered


Dynamic libraries:
0x00007ff7e3230000 - 0x00007ff7e323e000 	C:\Users\Usuario\.jdks\openjdk-22.0.2\bin\java.exe
0x00007ffcf3df0000 - 0x00007ffcf4007000 	C:\WINDOWS\SYSTEM32\ntdll.dll
0x00007ffcf2400000 - 0x00007ffcf24c4000 	C:\WINDOWS\System32\KERNEL32.DLL
0x00007ffcf1110000 - 0x00007ffcf14bd000 	C:\WINDOWS\System32\KERNELBASE.dll
0x00007ffcf1620000 - 0x00007ffcf1731000 	C:\WINDOWS\System32\ucrtbase.dll
0x00007ffcecbd0000 - 0x00007ffcecbe7000 	C:\Users\Usuario\.jdks\openjdk-22.0.2\bin\jli.dll
0x00007ffcecb40000 - 0x00007ffcecb5b000 	C:\Users\Usuario\.jdks\openjdk-22.0.2\bin\VCRUNTIME140.dll
0x00007ffcf1b40000 - 0x00007ffcf1cee000 	C:\WINDOWS\System32\USER32.dll
0x00007ffcd41d0000 - 0x00007ffcd4463000 	C:\WINDOWS\WinSxS\amd64_microsoft.windows.common-controls_6595b64144ccf1df_6.0.22621.3672_none_2713b9d173822955\COMCTL32.dll
0x00007ffcf14c0000 - 0x00007ffcf14e6000 	C:\WINDOWS\System32\win32u.dll
0x00007ffcf3b30000 - 0x00007ffcf3bd7000 	C:\WINDOWS\System32\msvcrt.dll
0x00007ffcf1fc0000 - 0x00007ffcf1fe9000 	C:\WINDOWS\System32\GDI32.dll
0x00007ffcf1890000 - 0x00007ffcf19a9000 	C:\WINDOWS\System32\gdi32full.dll
0x00007ffcf1740000 - 0x00007ffcf17da000 	C:\WINDOWS\System32\msvcp_win.dll
0x00007ffcf1f00000 - 0x00007ffcf1f31000 	C:\WINDOWS\System32\IMM32.DLL
0x00007ffcee390000 - 0x00007ffcee39c000 	C:\Users\Usuario\.jdks\openjdk-22.0.2\bin\vcruntime140_1.dll
0x00007ffce8290000 - 0x00007ffce831e000 	C:\Users\Usuario\.jdks\openjdk-22.0.2\bin\msvcp140.dll
0x00007ffc70440000 - 0x00007ffc71189000 	C:\Users\Usuario\.jdks\openjdk-22.0.2\bin\server\jvm.dll
0x00007ffcf3960000 - 0x00007ffcf3a12000 	C:\WINDOWS\System32\ADVAPI32.dll
0x00007ffcf1cf0000 - 0x00007ffcf1d99000 	C:\WINDOWS\System32\sechost.dll
0x00007ffcf1860000 - 0x00007ffcf1888000 	C:\WINDOWS\System32\bcrypt.dll
0x00007ffcf3c40000 - 0x00007ffcf3d54000 	C:\WINDOWS\System32\RPCRT4.dll
0x00007ffcf3a30000 - 0x00007ffcf3aa1000 	C:\WINDOWS\System32\WS2_32.dll
0x00007ffcf00f0000 - 0x00007ffcf013d000 	C:\WINDOWS\SYSTEM32\POWRPROF.dll
0x00007ffcebdb0000 - 0x00007ffcebde4000 	C:\WINDOWS\SYSTEM32\WINMM.dll
0x00007ffce96a0000 - 0x00007ffce96aa000 	C:\WINDOWS\SYSTEM32\VERSION.dll
0x00007ffcf00d0000 - 0x00007ffcf00e3000 	C:\WINDOWS\SYSTEM32\UMPDC.dll
0x00007ffcf0230000 - 0x00007ffcf0248000 	C:\WINDOWS\SYSTEM32\kernel.appcore.dll
0x00007ffcee370000 - 0x00007ffcee37a000 	C:\Users\Usuario\.jdks\openjdk-22.0.2\bin\jimage.dll
0x00007ffcdcbf0000 - 0x00007ffcdce22000 	C:\WINDOWS\SYSTEM32\DBGHELP.DLL
0x00007ffcf3500000 - 0x00007ffcf388d000 	C:\WINDOWS\System32\combase.dll
0x00007ffcf2160000 - 0x00007ffcf2237000 	C:\WINDOWS\System32\OLEAUT32.dll
0x00007ffcd7430000 - 0x00007ffcd7462000 	C:\WINDOWS\SYSTEM32\dbgcore.DLL
0x00007ffcf17e0000 - 0x00007ffcf185b000 	C:\WINDOWS\System32\bcryptPrimitives.dll
0x00007ffce8fd0000 - 0x00007ffce900c000 	C:\Users\Usuario\.jdks\openjdk-22.0.2\bin\jdwp.dll
0x00007ffced160000 - 0x00007ffced16f000 	C:\Users\Usuario\.jdks\openjdk-22.0.2\bin\instrument.dll
0x00007ffcebdf0000 - 0x00007ffcebe0e000 	C:\Users\Usuario\.jdks\openjdk-22.0.2\bin\java.dll
0x00007ffcf2c90000 - 0x00007ffcf34f8000 	C:\WINDOWS\System32\SHELL32.dll
0x00007ffcf24d0000 - 0x00007ffcf2675000 	C:\WINDOWS\System32\ole32.dll
0x00007ffce8fb0000 - 0x00007ffce8fc7000 	C:\Users\Usuario\.jdks\openjdk-22.0.2\bin\zip.dll
0x00007ffcef060000 - 0x00007ffcef95e000 	C:\WINDOWS\SYSTEM32\windows.storage.dll
0x00007ffceef20000 - 0x00007ffcef05f000 	C:\WINDOWS\SYSTEM32\wintypes.dll
0x00007ffcf1e00000 - 0x00007ffcf1ef9000 	C:\WINDOWS\System32\SHCORE.dll
0x00007ffcf1da0000 - 0x00007ffcf1dfe000 	C:\WINDOWS\System32\shlwapi.dll
0x00007ffcf1040000 - 0x00007ffcf1061000 	C:\WINDOWS\SYSTEM32\profapi.dll
0x00007ffce6920000 - 0x00007ffce69f7000 	C:\Users\Usuario\.jdks\openjdk-22.0.2\bin\jsvml.dll
0x00007ffcecb30000 - 0x00007ffcecb40000 	C:\Users\Usuario\.jdks\openjdk-22.0.2\bin\net.dll
0x00007ffcf06a0000 - 0x00007ffcf0709000 	C:\WINDOWS\system32\mswsock.dll
0x00007ffce6900000 - 0x00007ffce6916000 	C:\Users\Usuario\.jdks\openjdk-22.0.2\bin\nio.dll
0x00007ffcebed0000 - 0x00007ffcebedc000 	C:\Users\Usuario\.jdks\openjdk-22.0.2\bin\dt_socket.dll
0x00007ffcefbc0000 - 0x00007ffcefbed000 	C:\WINDOWS\SYSTEM32\IPHLPAPI.DLL
0x0000014b4ea00000 - 0x0000014b4ea03000 	C:\Users\Usuario\.openjfx\cache\22+30\amd64\api-ms-win-core-console-l1-1-0.dll
0x0000014b4ea10000 - 0x0000014b4ea13000 	C:\Users\Usuario\.openjfx\cache\22+30\amd64\api-ms-win-core-console-l1-2-0.dll
0x0000014b4ea20000 - 0x0000014b4ea23000 	C:\Users\Usuario\.openjfx\cache\22+30\amd64\api-ms-win-core-datetime-l1-1-0.dll
0x0000014b4ea30000 - 0x0000014b4ea33000 	C:\Users\Usuario\.openjfx\cache\22+30\amd64\api-ms-win-core-debug-l1-1-0.dll
0x0000014b4ea40000 - 0x0000014b4ea43000 	C:\Users\Usuario\.openjfx\cache\22+30\amd64\api-ms-win-core-errorhandling-l1-1-0.dll
0x0000014b4ea50000 - 0x0000014b4ea54000 	C:\Users\Usuario\.openjfx\cache\22+30\amd64\api-ms-win-core-file-l1-1-0.dll
0x0000014b4ea60000 - 0x0000014b4ea63000 	C:\Users\Usuario\.openjfx\cache\22+30\amd64\api-ms-win-core-file-l1-2-0.dll
0x0000014b4ea70000 - 0x0000014b4ea73000 	C:\Users\Usuario\.openjfx\cache\22+30\amd64\api-ms-win-core-file-l2-1-0.dll
0x0000014b4ea80000 - 0x0000014b4ea83000 	C:\Users\Usuario\.openjfx\cache\22+30\amd64\api-ms-win-core-handle-l1-1-0.dll
0x0000014b4ea90000 - 0x0000014b4ea93000 	C:\Users\Usuario\.openjfx\cache\22+30\amd64\api-ms-win-core-heap-l1-1-0.dll
0x0000014b4eaa0000 - 0x0000014b4eaa3000 	C:\Users\Usuario\.openjfx\cache\22+30\amd64\api-ms-win-core-interlocked-l1-1-0.dll
0x0000014b4eab0000 - 0x0000014b4eab3000 	C:\Users\Usuario\.openjfx\cache\22+30\amd64\api-ms-win-core-libraryloader-l1-1-0.dll
0x0000014b4eac0000 - 0x0000014b4eac3000 	C:\Users\Usuario\.openjfx\cache\22+30\amd64\api-ms-win-core-localization-l1-2-0.dll
0x0000014b4ead0000 - 0x0000014b4ead3000 	C:\Users\Usuario\.openjfx\cache\22+30\amd64\api-ms-win-core-memory-l1-1-0.dll
0x0000014b4eae0000 - 0x0000014b4eae3000 	C:\Users\Usuario\.openjfx\cache\22+30\amd64\api-ms-win-core-namedpipe-l1-1-0.dll
0x0000014b4eaf0000 - 0x0000014b4eaf3000 	C:\Users\Usuario\.openjfx\cache\22+30\amd64\api-ms-win-core-processenvironment-l1-1-0.dll
0x0000014b4eb00000 - 0x0000014b4eb03000 	C:\Users\Usuario\.openjfx\cache\22+30\amd64\api-ms-win-core-processthreads-l1-1-0.dll
0x0000014b4eb10000 - 0x0000014b4eb13000 	C:\Users\Usuario\.openjfx\cache\22+30\amd64\api-ms-win-core-processthreads-l1-1-1.dll
0x0000014b4eb20000 - 0x0000014b4eb23000 	C:\Users\Usuario\.openjfx\cache\22+30\amd64\api-ms-win-core-profile-l1-1-0.dll
0x0000014b4eb30000 - 0x0000014b4eb33000 	C:\Users\Usuario\.openjfx\cache\22+30\amd64\api-ms-win-core-rtlsupport-l1-1-0.dll
0x0000014b4eb40000 - 0x0000014b4eb43000 	C:\Users\Usuario\.openjfx\cache\22+30\amd64\api-ms-win-core-string-l1-1-0.dll
0x0000014b4eb50000 - 0x0000014b4eb53000 	C:\Users\Usuario\.openjfx\cache\22+30\amd64\api-ms-win-core-synch-l1-1-0.dll
0x0000014b4eb60000 - 0x0000014b4eb63000 	C:\Users\Usuario\.openjfx\cache\22+30\amd64\api-ms-win-core-synch-l1-2-0.dll
0x0000014b4eb70000 - 0x0000014b4eb73000 	C:\Users\Usuario\.openjfx\cache\22+30\amd64\api-ms-win-core-sysinfo-l1-1-0.dll
0x0000014b4eb80000 - 0x0000014b4eb83000 	C:\Users\Usuario\.openjfx\cache\22+30\amd64\api-ms-win-core-timezone-l1-1-0.dll
0x0000014b4eb90000 - 0x0000014b4eb93000 	C:\Users\Usuario\.openjfx\cache\22+30\amd64\api-ms-win-core-util-l1-1-0.dll
0x0000014b4eba0000 - 0x0000014b4eba3000 	C:\Users\Usuario\.openjfx\cache\22+30\amd64\api-ms-win-crt-conio-l1-1-0.dll
0x0000014b4ebb0000 - 0x0000014b4ebb4000 	C:\Users\Usuario\.openjfx\cache\22+30\amd64\api-ms-win-crt-convert-l1-1-0.dll
0x0000014b4ebc0000 - 0x0000014b4ebc3000 	C:\Users\Usuario\.openjfx\cache\22+30\amd64\api-ms-win-crt-environment-l1-1-0.dll
0x0000014b4ebd0000 - 0x0000014b4ebd3000 	C:\Users\Usuario\.openjfx\cache\22+30\amd64\api-ms-win-crt-filesystem-l1-1-0.dll
0x0000014b4ebe0000 - 0x0000014b4ebe3000 	C:\Users\Usuario\.openjfx\cache\22+30\amd64\api-ms-win-crt-heap-l1-1-0.dll
0x0000014b4ebf0000 - 0x0000014b4ebf3000 	C:\Users\Usuario\.openjfx\cache\22+30\amd64\api-ms-win-crt-locale-l1-1-0.dll
0x0000014b4ec00000 - 0x0000014b4ec05000 	C:\Users\Usuario\.openjfx\cache\22+30\amd64\api-ms-win-crt-math-l1-1-0.dll
0x0000014b4ec10000 - 0x0000014b4ec15000 	C:\Users\Usuario\.openjfx\cache\22+30\amd64\api-ms-win-crt-multibyte-l1-1-0.dll
0x0000014b4ec20000 - 0x0000014b4ec30000 	C:\Users\Usuario\.openjfx\cache\22+30\amd64\api-ms-win-crt-private-l1-1-0.dll
0x0000014b4ec30000 - 0x0000014b4ec33000 	C:\Users\Usuario\.openjfx\cache\22+30\amd64\api-ms-win-crt-process-l1-1-0.dll
0x0000014b4ec40000 - 0x0000014b4ec44000 	C:\Users\Usuario\.openjfx\cache\22+30\amd64\api-ms-win-crt-runtime-l1-1-0.dll
0x0000014b4ec50000 - 0x0000014b4ec54000 	C:\Users\Usuario\.openjfx\cache\22+30\amd64\api-ms-win-crt-stdio-l1-1-0.dll
0x0000014b4ec60000 - 0x0000014b4ec64000 	C:\Users\Usuario\.openjfx\cache\22+30\amd64\api-ms-win-crt-string-l1-1-0.dll
0x0000014b4ec70000 - 0x0000014b4ec73000 	C:\Users\Usuario\.openjfx\cache\22+30\amd64\api-ms-win-crt-time-l1-1-0.dll
0x0000014b4ec80000 - 0x0000014b4ec83000 	C:\Users\Usuario\.openjfx\cache\22+30\amd64\api-ms-win-crt-utility-l1-1-0.dll
0x00007ffca18a0000 - 0x00007ffca199c000 	C:\Users\Usuario\.openjfx\cache\22+30\amd64\ucrtbase.dll
0x00007ffcd31e0000 - 0x00007ffcd31fb000 	C:\Users\Usuario\.openjfx\cache\22+30\amd64\vcruntime140.dll
0x00007ffce8280000 - 0x00007ffce828c000 	C:\Users\Usuario\.openjfx\cache\22+30\amd64\vcruntime140_1.dll
0x00007ffcc72b0000 - 0x00007ffcc733e000 	C:\Users\Usuario\.openjfx\cache\22+30\amd64\msvcp140.dll
0x00007ffce7020000 - 0x00007ffce7029000 	C:\Users\Usuario\.openjfx\cache\22+30\amd64\msvcp140_1.dll
0x00007ffca6fe0000 - 0x00007ffca7021000 	C:\Users\Usuario\.openjfx\cache\22+30\amd64\msvcp140_2.dll
0x00007ffcd03c0000 - 0x00007ffcd03f0000 	C:\Users\Usuario\.openjfx\cache\22+30\amd64\prism_d3d.dll
0x00007ffccede0000 - 0x00007ffccef88000 	C:\WINDOWS\system32\d3d9.dll
0x00007ffceeab0000 - 0x00007ffceeadb000 	C:\WINDOWS\SYSTEM32\dwmapi.dll
0x00007ffcee770000 - 0x00007ffcee7a7000 	C:\WINDOWS\SYSTEM32\dxcore.dll
0x00007ffcee690000 - 0x00007ffcee740000 	C:\WINDOWS\system32\uxtheme.dll
0x00007ffce8600000 - 0x00007ffce8649000 	C:\WINDOWS\SYSTEM32\directxdatabasehelper.dll
0x00007ffcf0da0000 - 0x00007ffcf0db2000 	C:\WINDOWS\SYSTEM32\msasn1.dll
0x00007ffce9660000 - 0x00007ffce9692000 	C:\WINDOWS\SYSTEM32\cryptnet.dll
0x00007ffcf19b0000 - 0x00007ffcf1b17000 	C:\WINDOWS\System32\CRYPT32.dll
0x00007ffcf0920000 - 0x00007ffcf092c000 	C:\WINDOWS\SYSTEM32\cryptbase.dll
0x00007ffcf15b0000 - 0x00007ffcf161b000 	C:\WINDOWS\System32\wintrust.dll
0x00007ffcf3890000 - 0x00007ffcf38af000 	C:\WINDOWS\System32\imagehlp.dll
0x00007ffcf0900000 - 0x00007ffcf091b000 	C:\WINDOWS\SYSTEM32\CRYPTSP.dll
0x00007ffcf0190000 - 0x00007ffcf01c5000 	C:\WINDOWS\system32\rsaenh.dll
0x00007ffc9b030000 - 0x00007ffc9b075000 	C:\Users\Usuario\.openjfx\cache\22+30\amd64\glass.dll
0x00007ffcf2b90000 - 0x00007ffcf2c8f000 	C:\WINDOWS\System32\COMDLG32.dll
0x00007ffcf2000000 - 0x00007ffcf215b000 	C:\WINDOWS\System32\MSCTF.dll
0x00007ffcc2290000 - 0x00007ffcc2351000 	C:\WINDOWS\System32\DriverStore\FileRepository\nvami.inf_amd64_316dbd6d38c5c59e\nvldumdx.dll
0x00007ffcf09b0000 - 0x00007ffcf09f9000 	C:\WINDOWS\SYSTEM32\wldp.dll
0x00007ffce9430000 - 0x00007ffce9592000 	C:\WINDOWS\SYSTEM32\drvstore.dll
0x00007ffcf0dc0000 - 0x00007ffcf0dec000 	C:\WINDOWS\SYSTEM32\devobj.dll
0x00007ffcf0df0000 - 0x00007ffcf0e3e000 	C:\WINDOWS\SYSTEM32\cfgmgr32.dll
0x00007ffcb1dc0000 - 0x00007ffcb3dae000 	C:\WINDOWS\System32\DriverStore\FileRepository\nvami.inf_amd64_316dbd6d38c5c59e\nvgpucomp64.dll
0x00007ffc6c030000 - 0x00007ffc6dac4000 	C:\WINDOWS\System32\DriverStore\FileRepository\nvami.inf_amd64_316dbd6d38c5c59e\nvd3dumx.dll
0x00007ffc7e1e0000 - 0x00007ffc7e4b0000 	C:\WINDOWS\system32\nvspcap64.dll
0x00007ffcf0250000 - 0x00007ffcf0284000 	C:\WINDOWS\SYSTEM32\ntmarta.dll
0x00007ffcf0730000 - 0x00007ffcf0756000 	C:\WINDOWS\SYSTEM32\gpapi.dll
0x00007ffc95b40000 - 0x00007ffc95c95000 	C:\WINDOWS\System32\DriverStore\FileRepository\nvami.inf_amd64_316dbd6d38c5c59e\nvppex.dll
0x00007ffc7b100000 - 0x00007ffc7b2af000 	C:\Windows\System32\DriverStore\FileRepository\iigd_dch.inf_amd64_51f685305808e3a5\igdumdim64.dll
0x00007ffc680d0000 - 0x00007ffc6b173000 	C:\Windows\System32\DriverStore\FileRepository\iigd_dch.inf_amd64_51f685305808e3a5\igd9dxva64.dll

dbghelp: loaded successfully - version: 4.0.5 - missing functions: none
symbol engine: initialized successfully - sym options: 0x614 - pdb path: .;C:\Users\Usuario\.jdks\openjdk-22.0.2\bin;C:\WINDOWS\SYSTEM32;C:\WINDOWS\WinSxS\amd64_microsoft.windows.common-controls_6595b64144ccf1df_6.0.22621.3672_none_2713b9d173822955;C:\Users\Usuario\.jdks\openjdk-22.0.2\bin\server;C:\Users\Usuario\.openjfx\cache\22+30\amd64;C:\WINDOWS\System32\DriverStore\FileRepository\nvami.inf_amd64_316dbd6d38c5c59e;C:\Windows\System32\DriverStore\FileRepository\iigd_dch.inf_amd64_51f685305808e3a5;C:\Program Files\Common Files\Microsoft Shared\Ink

VM Arguments:
jvm_args: -agentlib:jdwp=transport=dt_socket,address=127.0.0.1:54538,suspend=y,server=n -javaagent:C:\Users\Usuario\AppData\Local\JetBrains\IdeaIC2024.1\captureAgent\debugger-agent.jar -Dfile.encoding=UTF-8 -Dsun.stdout.encoding=UTF-8 -Dsun.stderr.encoding=UTF-8 --module-path=C:\Users\Usuario\.m2\repository\org\openjfx\javafx-base\22\javafx-base-22-win.jar;C:\Users\Usuario\.m2\repository\org\json\json\20240303\json-20240303.jar;D:\Documentos\kaos\target\classes;C:\Users\Usuario\.m2\repository\org\openjfx\javafx-controls\22\javafx-controls-22-win.jar;C:\Users\Usuario\.m2\repository\org\openjfx\javafx-fxml\22\javafx-fxml-22-win.jar;C:\Users\Usuario\.m2\repository\org\openjfx\javafx-graphics\22\javafx-graphics-22-win.jar -Djdk.module.main=org.example.kaos 
java_command: org.example.kaos/org.example.kaos.application.MainApplication
java_class_path (initial): C:\Users\Usuario\.m2\repository\org\openjfx\javafx-controls\22\javafx-controls-22.jar;C:\Users\Usuario\.m2\repository\org\openjfx\javafx-graphics\22\javafx-graphics-22.jar;C:\Users\Usuario\.m2\repository\org\openjfx\javafx-base\22\javafx-base-22.jar;C:\Users\Usuario\.m2\repository\org\openjfx\javafx-fxml\22\javafx-fxml-22.jar;C:\Users\Usuario\.m2\repository\com\mysql\mysql-connector-j\8.0.33\mysql-connector-j-8.0.33.jar;C:\Users\Usuario\.m2\repository\com\google\protobuf\protobuf-java\3.21.9\protobuf-java-3.21.9.jar;D:\Programas\IntelliJ\IntelliJ IDEA Community Edition 2024.1.3\lib\idea_rt.jar
Launcher Type: SUN_STANDARD

[Global flags]
     intx CICompilerCount                          = 4                                         {product} {ergonomic}
     uint ConcGCThreads                            = 3                                         {product} {ergonomic}
     uint G1ConcRefinementThreads                  = 10                                        {product} {ergonomic}
   size_t G1HeapRegionSize                         = 2097152                                   {product} {ergonomic}
   size_t InitialHeapSize                          = 266338304                                 {product} {ergonomic}
   size_t MarkStackSize                            = 4194304                                   {product} {ergonomic}
   size_t MaxHeapSize                              = 4257218560                                {product} {ergonomic}
   size_t MaxNewSize                               = 2554331136                                {product} {ergonomic}
   size_t MinHeapDeltaBytes                        = 2097152                                   {product} {ergonomic}
   size_t MinHeapSize                              = 8388608                                   {product} {ergonomic}
    uintx NonNMethodCodeHeapSize                   = 5839372                                {pd product} {ergonomic}
    uintx NonProfiledCodeHeapSize                  = 122909434                              {pd product} {ergonomic}
    uintx ProfiledCodeHeapSize                     = 122909434                              {pd product} {ergonomic}
    uintx ReservedCodeCacheSize                    = 251658240                              {pd product} {ergonomic}
     bool SegmentedCodeCache                       = true                                      {product} {ergonomic}
   size_t SoftMaxHeapSize                          = 4257218560                             {manageable} {ergonomic}
     bool UseCompressedOops                        = true                           {product lp64_product} {ergonomic}
     bool UseG1GC                                  = true                                      {product} {ergonomic}
     bool UseLargePagesIndividualAllocation        = false                                  {pd product} {ergonomic}

Logging:
Log output configuration:
 #0: stdout all=off uptime,level,tags foldmultilines=false
 #1: stderr all=off uptime,level,tags foldmultilines=false

Environment Variables:
PATH=C:\WINDOWS\system32;C:\WINDOWS;C:\WINDOWS\System32\Wbem;C:\WINDOWS\System32\WindowsPowerShell\v1.0\;C:\WINDOWS\System32\OpenSSH\;C:\Program Files (x86)\NVIDIA Corporation\PhysX\Common;C:\Program Files\NVIDIA Corporation\NVIDIA NvDLISR;C:\Program Files\Intel\WiFi\bin\;C:\Program Files\Common Files\Intel\WirelessCommon\;C:\Program Files\dotnet\;C:\Program Files\Git\cmd;C:\Program Files\nodejs\;C:\Users\Usuario\AppData\Local\Microsoft\WindowsApps;D:\Programas\Microsoft VS Code\bin;C:\Users\Usuario\AppData\Roaming\npm
USERNAME=Usuario
OS=Windows_NT
PROCESSOR_IDENTIFIER=Intel64 Family 6 Model 158 Stepping 10, GenuineIntel
TMP=C:\Users\Usuario\AppData\Local\Temp
TEMP=C:\Users\Usuario\AppData\Local\Temp




Periodic native trim disabled

---------------  S Y S T E M  ---------------

OS:
 Windows 11 , 64 bit Build 22621 (10.0.22621.3958)
OS uptime: 17 days 9:40 hours

CPU: total 12 (initial active 12) (6 cores per cpu, 2 threads per core) family 6 model 158 stepping 10 microcode 0xde, cx8, cmov, fxsr, ht, mmx, 3dnowpref, sse, sse2, sse3, ssse3, sse4.1, sse4.2, popcnt, lzcnt, tsc, tscinvbit, avx, avx2, aes, erms, clmul, bmi1, bmi2, adx, fma, vzeroupper, clflush, clflushopt, rdtscp, f16c
Processor Information for all 12 processors :
  Max Mhz: 2208, Current Mhz: 2208, Mhz Limit: 2208

Memory: 4k page, system-wide physical 16234M (7902M free)
TotalPageFile size 18666M (AvailPageFile size 6723M)
current process WorkingSet (physical memory assigned to process): 305M, peak: 337M
current process commit charge ("private bytes"): 588M, peak: 616M

vm_info: OpenJDK 64-Bit Server VM (22.0.2+9-70) for windows-amd64 JRE (22.0.2+9-70), built on 2024-06-04T16:52:23Z by "mach5one" with MS VC++ 17.6 (VS2022)

END.
